// Jest Snapshot v1, https://goo.gl/fbAQLP

exports[`missions display correctly 1`] = `
<div
  className="container mt-5"
>
  <div
    className="table-responsive"
  >
    <table
      className="table table-striped table-bordered"
    >
      <thead>
        <tr>
          <th
            scope="col"
          >
            Mission
          </th>
          <th
            scope="col"
          >
            Description
          </th>
          <th
            scope="col"
          >
            Status
          </th>
          <th
            scope="col"
          >
            .
          </th>
        </tr>
      </thead>
      <tbody />
    </table>
  </div>
</div>
`;
